[backblue.gif]
[fade.gif]
[index.html]
[pushkarmaurya.herokuapp.com/img/logo2.png]
[stackpath.bootstrapcdn.com/bootstrap/4.5.2/css/bootstrap.min.css]
[code.jquery.com/jquery-3.5.1.slim.min.js]
[cdn.jsdelivr.net/npm/popper.js@1.16.1/dist/umd/popper.min.js]
[stackpath.bootstrapcdn.com/bootstrap/4.5.2/js/bootstrap.min.js]
[pushkarmaurya.herokuapp.com/img/personal.jpg]
[translate.google.com/translate_a/element.11a0d8.delayed]
[dataeasy.herokuapp.com/assets/images/slider-icon.png]
[www.qr-code-generator.com/wp-content/themes/qr/new_structure/markets/core_market_full/generator/dist/generator/assets/images/websiteQRCode_noFrame.png]
[www.kindpng.com/picc/m/459-4593856_video-conferencing-clipart-png-transparent-png.png]
[miro.medium.com/max/6406/1_QN0n6KOTKFIGksURddy0Kg.png]
[img.freepik.com/free-vector/people-making-list-illustration_53876-43029b5e7.jpg]
[platform.twitter.com/widgets.js]
[pushkarmaurya.herokuapp.com/img/gallery/h1.png]
[pushkarmaurya.herokuapp.com/img/gallery/icon.png]
[pushkarmaurya.herokuapp.com/img/gallery/hackathon.jpg]
[pushkarmaurya.herokuapp.com/img/gallery/project-4.jpg]
[pushkarmaurya.herokuapp.com/img/gallery/project-2.jpg]
[pushkarmaurya.herokuapp.com/img/gallery/project-3.jpg]
[pushkarmaurya.herokuapp.com/js/jquery-3.3.1.min.js]
[code.jquery.com/jquery-2.2.1.min.js]
[pushkarmaurya.herokuapp.com/js/popper.js]
[pushkarmaurya.herokuapp.com/js/stellar.js]
[pushkarmaurya.herokuapp.com/vendors/lightbox/simpleLightbox.min.js]
[pushkarmaurya.herokuapp.com/vendors/nice-select/js/jquery.nice-select.min.js]
[pushkarmaurya.herokuapp.com/vendors/isotope/imagesloaded.pkgd.min.js]
[pushkarmaurya.herokuapp.com/vendors/isotope/isotope.pkgd.min.js]
[pushkarmaurya.herokuapp.com/vendors/owl-carousel/owl.carousel.min.js]
[pushkarmaurya.herokuapp.com/vendors/popup/jquery.magnific-popup.min.js]
[pushkarmaurya.herokuapp.com/js/jquery.ajaxchimp.min.js]
[pushkarmaurya.herokuapp.com/vendors/counter-up/jquery.waypoints.min.js]
[pushkarmaurya.herokuapp.com/vendors/counter-up/jquery.counterup.min.js]
[pushkarmaurya.herokuapp.com/js/mail-script.js]
[pushkarmaurya.herokuapp.com/js/theme.js]
[pushkarmaurya.herokuapp.com/index.html]
[stackpath.bootstrapcdn.com/bootstrap/4.5.2/css/bootstrap.min.css]
[pushkarmaurya.herokuapp.com/css/bootstrap.css]
[pushkarmaurya.herokuapp.com/vendors/linericon/fonts/Linearicons-Free54e9.eot]
[pushkarmaurya.herokuapp.com/vendors/linericon/fonts/Linearicons-Freed41d.eot]
[pushkarmaurya.herokuapp.com/vendors/linericon/fonts/Linearicons-Free54e9.woff2]
[pushkarmaurya.herokuapp.com/vendors/linericon/fonts/Linearicons-Free54e9.woff]
[pushkarmaurya.herokuapp.com/vendors/linericon/fonts/Linearicons-Free54e9.ttf]
[pushkarmaurya.herokuapp.com/vendors/linericon/style.css]
[pushkarmaurya.herokuapp.com/fonts/fontawesome-webfont3295.eot]
[pushkarmaurya.herokuapp.com/fonts/fontawesome-webfontd41d.eot]
[pushkarmaurya.herokuapp.com/fonts/fontawesome-webfont3295.woff2]
[pushkarmaurya.herokuapp.com/fonts/fontawesome-webfont3295.woff]
[pushkarmaurya.herokuapp.com/fonts/fontawesome-webfont3295.ttf]
[pushkarmaurya.herokuapp.com/css/font-awesome.min.css]
[pushkarmaurya.herokuapp.com/vendors/owl-carousel/owl.carousel.min.css]
[pushkarmaurya.herokuapp.com/vendors/lightbox/simpleLightbox.css]
[pushkarmaurya.herokuapp.com/vendors/nice-select/css/nice-select.css]
[pushkarmaurya.herokuapp.com/vendors/animate-css/animate.css]
[pushkarmaurya.herokuapp.com/vendors/popup/magnific-popup.css]
[pushkarmaurya.herokuapp.com/vendors/flaticon/Flaticon.eot]
[pushkarmaurya.herokuapp.com/vendors/flaticon/Flaticond41d.eot]
[pushkarmaurya.herokuapp.com/vendors/flaticon/Flaticon.woff]
[pushkarmaurya.herokuapp.com/vendors/flaticon/Flaticon.ttf]
[pushkarmaurya.herokuapp.com/vendors/flaticon/flaticon.css]
[pushkarmaurya.herokuapp.com/img/banner/banner-2.jpg]
[pushkarmaurya.herokuapp.com/img/elements/primary-check.png]
[pushkarmaurya.herokuapp.com/img/elements/success-check.png]
[pushkarmaurya.herokuapp.com/img/elements/disabled-check.png]
[pushkarmaurya.herokuapp.com/img/elements/primary-radio.png]
[pushkarmaurya.herokuapp.com/img/elements/success-radio.png]
[pushkarmaurya.herokuapp.com/img/elements/disabled-radio.png]
[pushkarmaurya.herokuapp.com/css/style.css]
[pushkarmaurya.herokuapp.com/css/responsive.css]
[translate.google.com/translate_a/elementa0d8.html]
[cdn.searchenginejournal.com/wp-content/uploads/2020/02/how-hackers-may-be-hurting-your-seo-5e45656cd8c2e.html]
[pushkarmaurya.herokuapp.com/vendors/linericon/fonts/Linearicons-Free54e9.svg]
[pushkarmaurya.herokuapp.com/fonts/fontawesome-webfont3295.svg]
[pushkarmaurya.herokuapp.com/vendors/owl-carousel/owl.video.play.html]
[pushkarmaurya.herokuapp.com/vendors/flaticon/Flaticon.svg]
[pushkarmaurya.herokuapp.com/img/contact-shap-1.html]
[pushkarmaurya.herokuapp.com/img/contact-shap-2.html]
